2026-09-22 23:05:14 INFO  DebitAndCredit - Sender Balance: 3000
2026-09-22 23:05:14 INFO  DebitAndCredit - Updated Record: 1
2026-09-22 23:05:14 INFO  DebitAndCredit - Receiver current Balance is : 2000
2026-09-22 23:05:14 ERROR DebitAndCredit -  doing rollback()...
java.sql.SQLException: Parameter index out of range (4 > number of parameters, which is 2).
	at com.mysql.cj.jdbc.exceptions.SQLError.createSQLException(SQLError.java:130)
	at com.mysql.cj.jdbc.exceptions.SQLError.createSQLException(SQLError.java:98)
	at com.mysql.cj.jdbc.exceptions.SQLError.createSQLException(SQLError.java:90)
	at com.mysql.cj.jdbc.exceptions.SQLError.createSQLException(SQLError.java:64)
	at com.mysql.cj.jdbc.ClientPreparedStatement.checkBounds(ClientPreparedStatement.java:1345)
	at com.mysql.cj.jdbc.ClientPreparedStatement.getCoreParameterIndex(ClientPreparedStatement.java:1358)
	at com.mysql.cj.jdbc.ClientPreparedStatement.setInt(ClientPreparedStatement.java:1536)
	at com.sreenu.jdbc.logging.DebitAndCredit.doFundTransfer(DebitAndCredit.java:76)
	at com.sreenu.jdbc.logging.Driver.main(Driver.java:10)
2026-09-22 23:05:47 INFO  DebitAndCredit - Sender Balance: 3000
2026-09-22 23:05:47 INFO  DebitAndCredit - Updated Record: 1
2026-09-22 23:05:47 INFO  DebitAndCredit - Receiver current Balance is : 2000
2026-09-22 23:05:47 INFO  DebitAndCredit - Final records: 1
2026-09-22 23:05:54 INFO  DebitAndCredit - Sender Balance: 2000
2026-09-22 23:05:54 INFO  DebitAndCredit - Updated Record: 1
2026-09-22 23:05:54 INFO  DebitAndCredit - Receiver current Balance is : 3000
2026-09-22 23:05:54 INFO  DebitAndCredit - Final records: 1
